
> frontend@0.0.0 build
> vite build

[36mvite v7.3.0 [32mbuilding client environment for production...[36m[39m
transforming...
[32mΓ£ô[39m 203 modules transformed.
rendering chunks...
computing gzip size...
[2mdist/[22m[32mindex.html                             [39m[1m[2m  0.46 kB[22m[1m[22m[2m Γöé gzip:   0.29 kB[22m
[2mdist/[22m[32massets/bootstrap-icons-mSm7cUeB.woff2  [39m[1m[2m134.04 kB[22m[1m[22m
[2mdist/[22m[32massets/bootstrap-icons-BeopsB42.woff   [39m[1m[2m180.29 kB[22m[1m[22m
[2mdist/[22m[35massets/index-DfCFz2dv.css              [39m[1m[2m341.39 kB[22m[1m[22m[2m Γöé gzip:  54.60 kB[22m
[2mdist/[22m[36massets/index-CqDtOEBj.js               [39m[1m[33m959.61 kB[39m[22m[2m Γöé gzip: 238.12 kB[22m
node.exe : [33m
At C:\Program Files\nodejs\npm.ps1:29 char:3
+   & $NODE_EXE $NPM_CLI_JS $args
+   ~~~~~~~~~~~~~~~~~~~~~~~~~~~~~
    + CategoryInfo          : NotSpecified: ([33m:String) [], RemoteException
    + FullyQualifiedErrorId : NativeCommandError
 
(!) Some chunks are larger than 500 kB after minification. Consider:
- Using dynamic import() to code-split the application
- Use build.rollupOptions.output.manualChunks to improve chunking: 
https://rollupjs.org/configuration-options/#output-manualchunks
- Adjust chunk size limit for this warning via 
build.chunkSizeWarningLimit.[39m
[32mΓ£ô built in 7.70s[39m
